// Jest Snapshot v1, https://goo.gl/fbAQLP

exports[`ActorRoles: {parseMovieData}: parses movie api data 1`] = `
Array [
  Array [
    "Eddie Murphy",
    Array [
      Object {
        "actor": "Eddie Murphy",
        "name": "Axels Foley",
      },
      Object {
        "actor": "Eddie Murphy",
        "name": "Axel Foley",
      },
    ],
  ],
  Array [
    "Judge Reinhold",
    Array [
      Object {
        "actor": "Judge Reinhold",
        "name": "Billy Rosewood",
      },
    ],
  ],
]
`;

exports[`ActorRoles: renders a snapshot 1`] = `
ShallowWrapper {
  "length": 1,
  Symbol(enzyme.__root__): [Circular],
  Symbol(enzyme.__unrendered__): <ActorRoles
    name="Some Actor"
    roles={
        Array [
            Object {
              "name": "Axel Foley",
            },
            Object {
              "name": "Axels Foley",
            },
          ]
    }
/>,
  Symbol(enzyme.__renderer__): Object {
    "batchedUpdates": [Function],
    "getNode": [Function],
    "render": [Function],
    "simulateEvent": [Function],
    "unmount": [Function],
  },
  Symbol(enzyme.__node__): Object {
    "instance": null,
    "key": "Some Actor",
    "nodeType": "function",
    "props": Object {
      "children": Array [
        <strong>
          Some Actor
</strong>,
        <ul>
          <li>
                    Axel Foley
          </li>
          <li>
                    Axels Foley
          </li>
</ul>,
      ],
    },
    "ref": null,
    "rendered": Array [
      Object {
        "instance": null,
        "key": undefined,
        "nodeType": "host",
        "props": Object {
          "children": "Some Actor",
        },
        "ref": null,
        "rendered": "Some Actor",
        "type": "strong",
      },
      Object {
        "instance": null,
        "key": undefined,
        "nodeType": "host",
        "props": Object {
          "children": Array [
            <li>
              Axel Foley
</li>,
            <li>
              Axels Foley
</li>,
          ],
        },
        "ref": null,
        "rendered": Array [
          Object {
            "instance": null,
            "key": "Axel Foley",
            "nodeType": "host",
            "props": Object {
              "children": "Axel Foley",
            },
            "ref": null,
            "rendered": "Axel Foley",
            "type": "li",
          },
          Object {
            "instance": null,
            "key": "Axels Foley",
            "nodeType": "host",
            "props": Object {
              "children": "Axels Foley",
            },
            "ref": null,
            "rendered": "Axels Foley",
            "type": "li",
          },
        ],
        "type": "ul",
      },
    ],
    "type": Symbol(react.fragment),
  },
  Symbol(enzyme.__nodes__): Array [
    Object {
      "instance": null,
      "key": "Some Actor",
      "nodeType": "function",
      "props": Object {
        "children": Array [
          <strong>
            Some Actor
</strong>,
          <ul>
            <li>
                        Axel Foley
            </li>
            <li>
                        Axels Foley
            </li>
</ul>,
        ],
      },
      "ref": null,
      "rendered": Array [
        Object {
          "instance": null,
          "key": undefined,
          "nodeType": "host",
          "props": Object {
            "children": "Some Actor",
          },
          "ref": null,
          "rendered": "Some Actor",
          "type": "strong",
        },
        Object {
          "instance": null,
          "key": undefined,
          "nodeType": "host",
          "props": Object {
            "children": Array [
              <li>
                Axel Foley
</li>,
              <li>
                Axels Foley
</li>,
            ],
          },
          "ref": null,
          "rendered": Array [
            Object {
              "instance": null,
              "key": "Axel Foley",
              "nodeType": "host",
              "props": Object {
                "children": "Axel Foley",
              },
              "ref": null,
              "rendered": "Axel Foley",
              "type": "li",
            },
            Object {
              "instance": null,
              "key": "Axels Foley",
              "nodeType": "host",
              "props": Object {
                "children": "Axels Foley",
              },
              "ref": null,
              "rendered": "Axels Foley",
              "type": "li",
            },
          ],
          "type": "ul",
        },
      ],
      "type": Symbol(react.fragment),
    },
  ],
  Symbol(enzyme.__options__): Object {
    "adapter": ReactSixteenAdapter {
      "options": Object {
        "enableComponentDidUpdateOnSetState": true,
      },
    },
  },
}
`;
